D:\SoftwareDevelopment\Source\unversioned\JAVA\ZFPrijslijstVerwerking\src\be\vanvlerken\bert\zfpricemgt\database\DBConfigurator.java
D:\SoftwareDevelopment\Source\unversioned\JAVA\ZFPrijslijstVerwerking\src\be\vanvlerken\bert\zfpricemgt\database\exporters\ExportStatus.java
D:\SoftwareDevelopment\Source\unversioned\JAVA\ZFPrijslijstVerwerking\src\be\vanvlerken\bert\zfpricemgt\gui\JdbcConfigDialog.java
D:\SoftwareDevelopment\Source\unversioned\JAVA\ZFPrijslijstVerwerking\src\be\vanvlerken\bert\zfpricemgt\IProduct.java
D:\SoftwareDevelopment\Source\unversioned\JAVA\ZFPrijslijstVerwerking\src\be\vanvlerken\bert\zfpricemgt\gui\PriceGui.java
D:\SoftwareDevelopment\Source\unversioned\JAVA\ZFPrijslijstVerwerking\src\be\vanvlerken\bert\zfpricemgt\gui\ImporterSelectorDialog.java
D:\SoftwareDevelopment\Source\unversioned\JAVA\ZFPrijslijstVerwerking\src\be\vanvlerken\bert\zfpricemgt\database\importers\ImportStatus.java
D:\SoftwareDevelopment\Source\unversioned\JAVA\ZFPrijslijstVerwerking\src\be\vanvlerken\bert\zfpricemgt\gui\ThresholdConfigAction.java
D:\SoftwareDevelopment\Source\unversioned\JAVA\ZFPrijslijstVerwerking\src\be\vanvlerken\bert\zfpricemgt\AlreadyExistsException.java
D:\SoftwareDevelopment\Source\unversioned\JAVA\ZFPrijslijstVerwerking\src\be\vanvlerken\bert\zfpricemgt\database\exporters\Exporter.java
D:\SoftwareDevelopment\Source\unversioned\JAVA\ZFPrijslijstVerwerking\src\be\vanvlerken\bert\zfpricemgt\database\TestPriceDatabase.java
D:\SoftwareDevelopment\Source\unversioned\JAVA\ZFPrijslijstVerwerking\src\be\vanvlerken\bert\zfpricemgt\database\Product.java
D:\SoftwareDevelopment\Source\unversioned\JAVA\ZFPrijslijstVerwerking\src\be\vanvlerken\bert\zfpricemgt\gui\ImportAction.java
D:\SoftwareDevelopment\Source\unversioned\JAVA\ZFPrijslijstVerwerking\src\be\vanvlerken\bert\zfpricemgt\database\JdbcPriceDatabase.java
D:\SoftwareDevelopment\Source\unversioned\JAVA\ZFPrijslijstVerwerking\src\be\vanvlerken\bert\zfpricemgt\gui\LookupHistoryTableModel.java
D:\SoftwareDevelopment\Source\unversioned\JAVA\ZFPrijslijstVerwerking\src\be\vanvlerken\bert\zfpricemgt\database\exporters\CsvExporter.java
D:\SoftwareDevelopment\Source\unversioned\JAVA\ZFPrijslijstVerwerking\src\be\vanvlerken\bert\zfpricemgt\database\importers\NullImporter.java
D:\SoftwareDevelopment\Source\unversioned\JAVA\ZFPrijslijstVerwerking\src\be\vanvlerken\bert\zfpricemgt\gui\HistoryDialog.java
D:\SoftwareDevelopment\Source\unversioned\JAVA\ZFPrijslijstVerwerking\src\be\vanvlerken\bert\zfpricemgt\gui\ExportAction.java
D:\SoftwareDevelopment\Source\unversioned\JAVA\ZFPrijslijstVerwerking\src\be\vanvlerken\bert\zfpricemgt\database\exporters\NullExporter.java
D:\SoftwareDevelopment\Source\unversioned\JAVA\ZFPrijslijstVerwerking\src\be\vanvlerken\bert\zfpricemgt\database\IZFPriceDatabase.java
D:\SoftwareDevelopment\Source\unversioned\JAVA\ZFPrijslijstVerwerking\src\be\vanvlerken\bert\zfpricemgt\database\importers\Pdf2004Importer.java
D:\SoftwareDevelopment\Source\unversioned\JAVA\ZFPrijslijstVerwerking\src\be\vanvlerken\bert\zfpricemgt\database\ImportExportManager.java
D:\SoftwareDevelopment\Source\unversioned\JAVA\ZFPrijslijstVerwerking\src\be\vanvlerken\bert\zfpricemgt\gui\ExportDialog.java
D:\SoftwareDevelopment\Source\unversioned\JAVA\ZFPrijslijstVerwerking\src\be\vanvlerken\bert\util\ConfigSupport.java
D:\SoftwareDevelopment\Source\unversioned\JAVA\ZFPrijslijstVerwerking\src\be\vanvlerken\bert\zfpricemgt\gui\ThresholdConfigDialog.java
D:\SoftwareDevelopment\Source\unversioned\JAVA\ZFPrijslijstVerwerking\src\be\vanvlerken\bert\zfpricemgt\gui\DummyProduct.java
D:\SoftwareDevelopment\Source\unversioned\JAVA\ZFPrijslijstVerwerking\src\be\vanvlerken\bert\zfpricemgt\gui\LookupHistory.java
D:\SoftwareDevelopment\Source\unversioned\JAVA\ZFPrijslijstVerwerking\src\be\vanvlerken\bert\zfpricemgt\database\DatabaseFactory.java
D:\SoftwareDevelopment\Source\unversioned\JAVA\ZFPrijslijstVerwerking\src\be\vanvlerken\bert\zfpricemgt\database\exporters\ExportTask.java
D:\SoftwareDevelopment\Source\unversioned\JAVA\ZFPrijslijstVerwerking\src\be\vanvlerken\bert\zfpricemgt\database\importers\NormalizedCsvImporter.java
D:\SoftwareDevelopment\Source\unversioned\JAVA\ZFPrijslijstVerwerking\src\be\vanvlerken\bert\zfpricemgt\database\ImportExportFactory.java
D:\SoftwareDevelopment\Source\unversioned\JAVA\ZFPrijslijstVerwerking\src\be\vanvlerken\bert\zfpricemgt\gui\ProductSelectionListener.java
D:\SoftwareDevelopment\Source\unversioned\JAVA\ZFPrijslijstVerwerking\src\be\vanvlerken\bert\zfpricemgt\database\importers\Csv2005Importer.java
D:\SoftwareDevelopment\Source\unversioned\JAVA\ZFPrijslijstVerwerking\src\be\vanvlerken\bert\zfpricemgt\database\JdbcConfigurator.java
D:\SoftwareDevelopment\Source\unversioned\JAVA\ZFPrijslijstVerwerking\src\be\vanvlerken\bert\zfpricemgt\database\importers\Importer.java
D:\SoftwareDevelopment\Source\unversioned\JAVA\ZFPrijslijstVerwerking\src\be\vanvlerken\bert\zfpricemgt\gui\DBConfigurationAction.java
D:\SoftwareDevelopment\Source\unversioned\JAVA\ZFPrijslijstVerwerking\src\be\vanvlerken\bert\zfpricemgt\database\exporters\ExportStatusReport.java
D:\SoftwareDevelopment\Source\unversioned\JAVA\ZFPrijslijstVerwerking\src\be\vanvlerken\bert\zfpricemgt\gui\LookupHistoryColumnModel.java
D:\SoftwareDevelopment\Source\unversioned\JAVA\ZFPrijslijstVerwerking\src\be\vanvlerken\bert\zfpricemgt\gui\OldPriceDetector.java
D:\SoftwareDevelopment\Source\unversioned\JAVA\ZFPrijslijstVerwerking\src\be\vanvlerken\bert\zfpricemgt\ZFPriceMgt.java
D:\SoftwareDevelopment\Source\unversioned\JAVA\ZFPrijslijstVerwerking\src\be\vanvlerken\bert\zfpricemgt\database\importers\ImportTask.java
D:\SoftwareDevelopment\Source\unversioned\JAVA\ZFPrijslijstVerwerking\src\be\vanvlerken\bert\zfpricemgt\database\exporters\LogExporter.java
D:\SoftwareDevelopment\Source\unversioned\JAVA\ZFPrijslijstVerwerking\src\be\vanvlerken\bert\zfpricemgt\gui\ImportDialog.java
